// Jest Snapshot v1, https://goo.gl/fbAQLP

exports[`Header should render the component when logged in 1`] = `
Object {
  "asFragment": [Function],
  "baseElement": <body>
    <div>
      <nav
        class="grid grid-cols-2 gap-4"
      >
        <div
          class="left-information"
        >
          <a
            class="font-medium px-3 py-2 text-slate-700 rounded-md"
            href="/"
          >
            Home
          </a>
          <a
            class="font-medium px-3 py-2 text-slate-700 rounded-md"
            href="/leaderboard"
          >
            Leaderboard
          </a>
          <a
            class="font-medium px-3 py-2 text-slate-700 rounded-md"
            href="/add"
          >
            New
          </a>
        </div>
        <div
          class="right-information"
        >
          <span
            class="font-medium px-3 py-2 text-slate-700"
          >
            Tyler McGinnis
          </span>
          <button
            class="font-medium px-3 py-2 text-slate-700 rounded-md"
          >
            Logout
          </button>
        </div>
      </nav>
    </div>
  </body>,
  "container": <div>
    <nav
      class="grid grid-cols-2 gap-4"
    >
      <div
        class="left-information"
      >
        <a
          class="font-medium px-3 py-2 text-slate-700 rounded-md"
          href="/"
        >
          Home
        </a>
        <a
          class="font-medium px-3 py-2 text-slate-700 rounded-md"
          href="/leaderboard"
        >
          Leaderboard
        </a>
        <a
          class="font-medium px-3 py-2 text-slate-700 rounded-md"
          href="/add"
        >
          New
        </a>
      </div>
      <div
        class="right-information"
      >
        <span
          class="font-medium px-3 py-2 text-slate-700"
        >
          Tyler McGinnis
        </span>
        <button
          class="font-medium px-3 py-2 text-slate-700 rounded-md"
        >
          Logout
        </button>
      </div>
    </nav>
  </div>,
  "debug": [Function],
  "findAllByAltText": [Function],
  "findAllByDisplayValue": [Function],
  "findAllByLabelText": [Function],
  "findAllByPlaceholderText": [Function],
  "findAllByRole": [Function],
  "findAllByTestId": [Function],
  "findAllByText": [Function],
  "findAllByTitle": [Function],
  "findByAltText": [Function],
  "findByDisplayValue": [Function],
  "findByLabelText": [Function],
  "findByPlaceholderText": [Function],
  "findByRole": [Function],
  "findByTestId": [Function],
  "findByText": [Function],
  "findByTitle": [Function],
  "getAllByAltText": [Function],
  "getAllByDisplayValue": [Function],
  "getAllByLabelText": [Function],
  "getAllByPlaceholderText": [Function],
  "getAllByRole": [Function],
  "getAllByTestId": [Function],
  "getAllByText": [Function],
  "getAllByTitle": [Function],
  "getByAltText": [Function],
  "getByDisplayValue": [Function],
  "getByLabelText": [Function],
  "getByPlaceholderText": [Function],
  "getByRole": [Function],
  "getByTestId": [Function],
  "getByText": [Function],
  "getByTitle": [Function],
  "queryAllByAltText": [Function],
  "queryAllByDisplayValue": [Function],
  "queryAllByLabelText": [Function],
  "queryAllByPlaceholderText": [Function],
  "queryAllByRole": [Function],
  "queryAllByTestId": [Function],
  "queryAllByText": [Function],
  "queryAllByTitle": [Function],
  "queryByAltText": [Function],
  "queryByDisplayValue": [Function],
  "queryByLabelText": [Function],
  "queryByPlaceholderText": [Function],
  "queryByRole": [Function],
  "queryByTestId": [Function],
  "queryByText": [Function],
  "queryByTitle": [Function],
  "rerender": [Function],
  "unmount": [Function],
}
`;
